evaluating 9 config-point(s), 12x12 sigma pairs each (2880 episodes per config-point)
[1/9] baseline=None -- starting 144 sigma pairs...
    [1/9] sigma pair 14/144 (0.5s elapsed, 28.6 pairs/s)
    [1/9] sigma pair 28/144 (1.0s elapsed, 28.7 pairs/s)
    [1/9] sigma pair 42/144 (1.5s elapsed, 28.8 pairs/s)
    [1/9] sigma pair 56/144 (1.9s elapsed, 28.7 pairs/s)
    [1/9] sigma pair 70/144 (2.4s elapsed, 28.7 pairs/s)
    [1/9] sigma pair 84/144 (2.9s elapsed, 28.5 pairs/s)
    [1/9] sigma pair 98/144 (3.4s elapsed, 28.4 pairs/s)
    [1/9] sigma pair 112/144 (4.0s elapsed, 28.3 pairs/s)
    [1/9] sigma pair 126/144 (4.5s elapsed, 28.0 pairs/s)
    [1/9] sigma pair 140/144 (5.1s elapsed, 27.6 pairs/s)
    [1/9] sigma pair 144/144 (5.2s elapsed, 27.4 pairs/s)
[1/9] baseline=None -> min_sv=0.01041 min_on=0.0002071 (run elapsed: 5.2s)
[2/9] env_odom_noise=0.0 -- starting 144 sigma pairs...
    [2/9] sigma pair 14/144 (0.5s elapsed, 28.9 pairs/s)
    [2/9] sigma pair 28/144 (1.0s elapsed, 28.9 pairs/s)
    [2/9] sigma pair 42/144 (1.5s elapsed, 28.8 pairs/s)
    [2/9] sigma pair 56/144 (1.9s elapsed, 28.8 pairs/s)
    [2/9] sigma pair 70/144 (2.4s elapsed, 28.7 pairs/s)
    [2/9] sigma pair 84/144 (2.9s elapsed, 28.5 pairs/s)
    [2/9] sigma pair 98/144 (3.4s elapsed, 28.5 pairs/s)
    [2/9] sigma pair 112/144 (4.0s elapsed, 28.3 pairs/s)
    [2/9] sigma pair 126/144 (4.5s elapsed, 28.0 pairs/s)
    [2/9] sigma pair 140/144 (5.1s elapsed, 27.6 pairs/s)
    [2/9] sigma pair 144/144 (5.2s elapsed, 27.4 pairs/s)
[2/9] env_odom_noise=0.0 -> min_sv=0.01041 min_on=0.0001 (run elapsed: 10.5s)
[3/9] env_odom_noise=0.02142857142857143 -- starting 144 sigma pairs...
    [3/9] sigma pair 14/144 (0.5s elapsed, 29.0 pairs/s)
    [3/9] sigma pair 28/144 (1.0s elapsed, 29.0 pairs/s)
    [3/9] sigma pair 42/144 (1.4s elapsed, 29.0 pairs/s)
    [3/9] sigma pair 56/144 (1.9s elapsed, 29.0 pairs/s)
    [3/9] sigma pair 70/144 (2.4s elapsed, 28.9 pairs/s)
    [3/9] sigma pair 84/144 (2.9s elapsed, 28.7 pairs/s)
    [3/9] sigma pair 98/144 (3.4s elapsed, 28.6 pairs/s)
    [3/9] sigma pair 112/144 (3.9s elapsed, 28.4 pairs/s)
    [3/9] sigma pair 126/144 (4.5s elapsed, 28.2 pairs/s)
    [3/9] sigma pair 140/144 (5.0s elapsed, 27.7 pairs/s)
    [3/9] sigma pair 144/144 (5.2s elapsed, 27.6 pairs/s)
[3/9] env_odom_noise=0.02142857142857143 -> min_sv=0.01041 min_on=0.0001 (run elapsed: 15.7s)
[4/9] env_odom_noise=0.04285714285714286 -- starting 144 sigma pairs...
    [4/9] sigma pair 14/144 (0.5s elapsed, 28.9 pairs/s)
    [4/9] sigma pair 28/144 (1.0s elapsed, 28.9 pairs/s)
    [4/9] sigma pair 42/144 (1.5s elapsed, 28.9 pairs/s)
    [4/9] sigma pair 56/144 (1.9s elapsed, 28.9 pairs/s)
    [4/9] sigma pair 70/144 (2.4s elapsed, 28.8 pairs/s)
    [4/9] sigma pair 84/144 (2.9s elapsed, 28.6 pairs/s)
    [4/9] sigma pair 98/144 (3.4s elapsed, 28.5 pairs/s)
    [4/9] sigma pair 112/144 (3.9s elapsed, 28.4 pairs/s)
    [4/9] sigma pair 126/144 (4.5s elapsed, 28.1 pairs/s)
    [4/9] sigma pair 140/144 (5.1s elapsed, 27.7 pairs/s)
    [4/9] sigma pair 144/144 (5.2s elapsed, 27.5 pairs/s)
[4/9] env_odom_noise=0.04285714285714286 -> min_sv=0.01041 min_on=0.0001 (run elapsed: 21.0s)
[5/9] env_odom_noise=0.06428571428571428 -- starting 144 sigma pairs...
    [5/9] sigma pair 14/144 (0.5s elapsed, 29.0 pairs/s)
    [5/9] sigma pair 28/144 (1.0s elapsed, 29.1 pairs/s)
    [5/9] sigma pair 42/144 (1.4s elapsed, 29.0 pairs/s)
    [5/9] sigma pair 56/144 (1.9s elapsed, 29.0 pairs/s)
    [5/9] sigma pair 70/144 (2.4s elapsed, 28.9 pairs/s)
    [5/9] sigma pair 84/144 (2.9s elapsed, 28.7 pairs/s)
    [5/9] sigma pair 98/144 (3.4s elapsed, 28.6 pairs/s)
    [5/9] sigma pair 112/144 (3.9s elapsed, 28.4 pairs/s)
    [5/9] sigma pair 126/144 (4.5s elapsed, 28.2 pairs/s)
    [5/9] sigma pair 140/144 (5.1s elapsed, 27.7 pairs/s)
    [5/9] sigma pair 144/144 (5.2s elapsed, 27.6 pairs/s)
[5/9] env_odom_noise=0.06428571428571428 -> min_sv=0.02259 min_on=0.0001 (run elapsed: 26.2s)
[6/9] env_odom_noise=0.08571428571428572 -- starting 144 sigma pairs...
    [6/9] sigma pair 14/144 (0.5s elapsed, 28.9 pairs/s)
    [6/9] sigma pair 28/144 (1.0s elapsed, 28.9 pairs/s)
    [6/9] sigma pair 42/144 (1.5s elapsed, 28.9 pairs/s)
    [6/9] sigma pair 56/144 (1.9s elapsed, 28.8 pairs/s)
    [6/9] sigma pair 70/144 (2.4s elapsed, 28.7 pairs/s)
    [6/9] sigma pair 84/144 (2.9s elapsed, 28.6 pairs/s)
    [6/9] sigma pair 98/144 (3.4s elapsed, 28.5 pairs/s)
    [6/9] sigma pair 112/144 (4.0s elapsed, 28.3 pairs/s)
    [6/9] sigma pair 126/144 (4.5s elapsed, 28.0 pairs/s)
    [6/9] sigma pair 140/144 (5.1s elapsed, 27.6 pairs/s)
    [6/9] sigma pair 144/144 (5.2s elapsed, 27.4 pairs/s)
[6/9] env_odom_noise=0.08571428571428572 -> min_sv=0.02259 min_on=0.0001 (run elapsed: 31.4s)
[7/9] env_odom_noise=0.10714285714285715 -- starting 144 sigma pairs...
    [7/9] sigma pair 14/144 (0.5s elapsed, 28.9 pairs/s)
    [7/9] sigma pair 28/144 (1.0s elapsed, 28.9 pairs/s)
    [7/9] sigma pair 42/144 (1.5s elapsed, 28.8 pairs/s)
    [7/9] sigma pair 56/144 (1.9s elapsed, 28.8 pairs/s)
    [7/9] sigma pair 70/144 (2.4s elapsed, 28.7 pairs/s)
    [7/9] sigma pair 84/144 (2.9s elapsed, 28.5 pairs/s)
    [7/9] sigma pair 98/144 (3.4s elapsed, 28.4 pairs/s)
    [7/9] sigma pair 112/144 (4.0s elapsed, 28.2 pairs/s)
    [7/9] sigma pair 126/144 (4.5s elapsed, 28.0 pairs/s)
    [7/9] sigma pair 140/144 (5.1s elapsed, 27.5 pairs/s)
    [7/9] sigma pair 144/144 (5.3s elapsed, 27.4 pairs/s)
[7/9] env_odom_noise=0.10714285714285715 -> min_sv=0.01041 min_on=0.007882 (run elapsed: 36.7s)
[8/9] env_odom_noise=0.12857142857142856 -- starting 144 sigma pairs...
    [8/9] sigma pair 14/144 (0.5s elapsed, 28.4 pairs/s)
    [8/9] sigma pair 28/144 (1.0s elapsed, 28.5 pairs/s)
    [8/9] sigma pair 42/144 (1.5s elapsed, 28.6 pairs/s)
    [8/9] sigma pair 56/144 (2.0s elapsed, 28.6 pairs/s)
    [8/9] sigma pair 70/144 (2.5s elapsed, 28.5 pairs/s)
    [8/9] sigma pair 84/144 (3.0s elapsed, 28.4 pairs/s)
    [8/9] sigma pair 98/144 (3.5s elapsed, 28.3 pairs/s)
    [8/9] sigma pair 112/144 (4.0s elapsed, 28.1 pairs/s)
    [8/9] sigma pair 126/144 (4.5s elapsed, 27.9 pairs/s)
    [8/9] sigma pair 140/144 (5.1s elapsed, 27.4 pairs/s)
    [8/9] sigma pair 144/144 (5.3s elapsed, 27.3 pairs/s)
[8/9] env_odom_noise=0.12857142857142856 -> NO VIABLE PAIR (run elapsed: 42.0s)
[9/9] env_odom_noise=0.15 -- starting 144 sigma pairs...
    [9/9] sigma pair 14/144 (0.5s elapsed, 28.5 pairs/s)
    [9/9] sigma pair 28/144 (1.0s elapsed, 28.5 pairs/s)
    [9/9] sigma pair 42/144 (1.5s elapsed, 28.5 pairs/s)
    [9/9] sigma pair 56/144 (2.0s elapsed, 28.5 pairs/s)
    [9/9] sigma pair 70/144 (2.5s elapsed, 28.4 pairs/s)
    [9/9] sigma pair 84/144 (3.0s elapsed, 28.3 pairs/s)
    [9/9] sigma pair 98/144 (3.5s elapsed, 28.2 pairs/s)
    [9/9] sigma pair 112/144 (4.0s elapsed, 28.0 pairs/s)
    [9/9] sigma pair 126/144 (4.5s elapsed, 27.8 pairs/s)
    [9/9] sigma pair 140/144 (5.1s elapsed, 27.3 pairs/s)
    [9/9] sigma pair 144/144 (5.3s elapsed, 27.2 pairs/s)
[9/9] env_odom_noise=0.15 -> NO VIABLE PAIR (run elapsed: 47.3s)

wrote 1296 detail rows to belief_exp/results/02_env_odom_noise_details.csv
wrote 9 summary rows to belief_exp/results/02_env_odom_noise_summary.csv
total wall time: 47.3s

       sweep_param        sweep_value  min_sigma_visible     min_odom_noise       found_viable
----------------------------------------------------------------------------------------------
          baseline               None            0.01041          0.0002071               True
    env_odom_noise                  0            0.01041             0.0001               True
    env_odom_noise            0.02143            0.01041             0.0001               True
    env_odom_noise            0.04286            0.01041             0.0001               True
    env_odom_noise            0.06429            0.02259             0.0001               True
    env_odom_noise            0.08571            0.02259             0.0001               True
    env_odom_noise             0.1071            0.01041           0.007882               True
    env_odom_noise             0.1286                nan                nan              False
    env_odom_noise               0.15                nan                nan              False
