evaluating 11 config-point(s), 12x12 sigma pairs each (2880 episodes per config-point)
[1/11] baseline=None -- starting 144 sigma pairs...
    [1/11] sigma pair 14/144 (0.5s elapsed, 27.9 pairs/s)
    [1/11] sigma pair 28/144 (1.0s elapsed, 28.1 pairs/s)
    [1/11] sigma pair 42/144 (1.5s elapsed, 28.2 pairs/s)
    [1/11] sigma pair 56/144 (2.0s elapsed, 28.2 pairs/s)
    [1/11] sigma pair 70/144 (2.5s elapsed, 28.2 pairs/s)
    [1/11] sigma pair 84/144 (3.0s elapsed, 28.1 pairs/s)
    [1/11] sigma pair 98/144 (3.5s elapsed, 28.0 pairs/s)
    [1/11] sigma pair 112/144 (4.0s elapsed, 27.9 pairs/s)
    [1/11] sigma pair 126/144 (4.6s elapsed, 27.6 pairs/s)
    [1/11] sigma pair 140/144 (5.1s elapsed, 27.2 pairs/s)
    [1/11] sigma pair 144/144 (5.3s elapsed, 27.1 pairs/s)
[1/11] baseline=None -> min_sv=0.01041 min_on=0.0002071 (run elapsed: 5.3s)
[2/11] env_odom_noise=0.0 -- starting 144 sigma pairs...
    [2/11] sigma pair 14/144 (0.5s elapsed, 28.6 pairs/s)
    [2/11] sigma pair 28/144 (1.0s elapsed, 28.6 pairs/s)
    [2/11] sigma pair 42/144 (1.5s elapsed, 28.6 pairs/s)
    [2/11] sigma pair 56/144 (2.0s elapsed, 28.6 pairs/s)
    [2/11] sigma pair 70/144 (2.5s elapsed, 28.5 pairs/s)
    [2/11] sigma pair 84/144 (3.0s elapsed, 28.3 pairs/s)
    [2/11] sigma pair 98/144 (3.5s elapsed, 28.2 pairs/s)
    [2/11] sigma pair 112/144 (4.0s elapsed, 28.0 pairs/s)
    [2/11] sigma pair 126/144 (4.5s elapsed, 27.8 pairs/s)
    [2/11] sigma pair 140/144 (5.1s elapsed, 27.3 pairs/s)
    [2/11] sigma pair 144/144 (5.3s elapsed, 27.2 pairs/s)
[2/11] env_odom_noise=0.0 -> min_sv=0.01041 min_on=0.0001 (run elapsed: 10.6s)
[3/11] env_odom_noise=0.044444444444444446 -- starting 144 sigma pairs...
    [3/11] sigma pair 14/144 (0.5s elapsed, 28.6 pairs/s)
    [3/11] sigma pair 28/144 (1.0s elapsed, 28.6 pairs/s)
    [3/11] sigma pair 42/144 (1.5s elapsed, 28.6 pairs/s)
    [3/11] sigma pair 56/144 (2.0s elapsed, 28.5 pairs/s)
    [3/11] sigma pair 70/144 (2.5s elapsed, 28.4 pairs/s)
    [3/11] sigma pair 84/144 (3.0s elapsed, 28.3 pairs/s)
    [3/11] sigma pair 98/144 (3.5s elapsed, 28.2 pairs/s)
    [3/11] sigma pair 112/144 (4.0s elapsed, 28.0 pairs/s)
    [3/11] sigma pair 126/144 (4.5s elapsed, 27.7 pairs/s)
    [3/11] sigma pair 140/144 (5.1s elapsed, 27.3 pairs/s)
    [3/11] sigma pair 144/144 (5.3s elapsed, 27.1 pairs/s)
[3/11] env_odom_noise=0.044444444444444446 -> min_sv=0.01041 min_on=0.0001 (run elapsed: 15.9s)
[4/11] env_odom_noise=0.08888888888888889 -- starting 144 sigma pairs...
    [4/11] sigma pair 14/144 (0.5s elapsed, 28.5 pairs/s)
    [4/11] sigma pair 28/144 (1.0s elapsed, 28.5 pairs/s)
    [4/11] sigma pair 42/144 (1.5s elapsed, 28.5 pairs/s)
    [4/11] sigma pair 56/144 (2.0s elapsed, 28.5 pairs/s)
    [4/11] sigma pair 70/144 (2.5s elapsed, 28.3 pairs/s)
    [4/11] sigma pair 84/144 (3.0s elapsed, 28.2 pairs/s)
    [4/11] sigma pair 98/144 (3.5s elapsed, 28.1 pairs/s)
    [4/11] sigma pair 112/144 (4.0s elapsed, 27.9 pairs/s)
    [4/11] sigma pair 126/144 (4.6s elapsed, 27.6 pairs/s)
    [4/11] sigma pair 140/144 (5.1s elapsed, 27.2 pairs/s)
    [4/11] sigma pair 144/144 (5.3s elapsed, 27.0 pairs/s)
[4/11] env_odom_noise=0.08888888888888889 -> min_sv=0.004801 min_on=0.01632 (run elapsed: 21.3s)
[5/11] env_odom_noise=0.13333333333333333 -- starting 144 sigma pairs...
    [5/11] sigma pair 14/144 (0.5s elapsed, 28.2 pairs/s)
    [5/11] sigma pair 28/144 (1.0s elapsed, 28.1 pairs/s)
    [5/11] sigma pair 42/144 (1.5s elapsed, 28.1 pairs/s)
    [5/11] sigma pair 56/144 (2.0s elapsed, 28.1 pairs/s)
    [5/11] sigma pair 70/144 (2.5s elapsed, 28.0 pairs/s)
    [5/11] sigma pair 84/144 (3.0s elapsed, 27.9 pairs/s)
    [5/11] sigma pair 98/144 (3.5s elapsed, 27.8 pairs/s)
    [5/11] sigma pair 112/144 (4.1s elapsed, 27.6 pairs/s)
    [5/11] sigma pair 126/144 (4.6s elapsed, 27.4 pairs/s)
    [5/11] sigma pair 140/144 (5.2s elapsed, 27.0 pairs/s)
    [5/11] sigma pair 144/144 (5.4s elapsed, 26.8 pairs/s)
[5/11] env_odom_noise=0.13333333333333333 -> NO VIABLE PAIR (run elapsed: 26.6s)
[6/11] env_odom_noise=0.17777777777777778 -- starting 144 sigma pairs...
    [6/11] sigma pair 14/144 (0.5s elapsed, 27.9 pairs/s)
    [6/11] sigma pair 28/144 (1.0s elapsed, 27.9 pairs/s)
    [6/11] sigma pair 42/144 (1.5s elapsed, 27.9 pairs/s)
    [6/11] sigma pair 56/144 (2.0s elapsed, 27.8 pairs/s)
    [6/11] sigma pair 70/144 (2.5s elapsed, 27.7 pairs/s)
    [6/11] sigma pair 84/144 (3.0s elapsed, 27.6 pairs/s)
    [6/11] sigma pair 98/144 (3.6s elapsed, 27.5 pairs/s)
    [6/11] sigma pair 112/144 (4.1s elapsed, 27.4 pairs/s)
    [6/11] sigma pair 126/144 (4.6s elapsed, 27.2 pairs/s)
    [6/11] sigma pair 140/144 (5.2s elapsed, 26.7 pairs/s)
    [6/11] sigma pair 144/144 (5.4s elapsed, 26.6 pairs/s)
[6/11] env_odom_noise=0.17777777777777778 -> NO VIABLE PAIR (run elapsed: 32.0s)
[7/11] env_odom_noise=0.22222222222222224 -- starting 144 sigma pairs...
    [7/11] sigma pair 14/144 (0.5s elapsed, 27.5 pairs/s)
    [7/11] sigma pair 28/144 (1.0s elapsed, 27.5 pairs/s)
    [7/11] sigma pair 42/144 (1.5s elapsed, 27.5 pairs/s)
    [7/11] sigma pair 56/144 (2.0s elapsed, 27.5 pairs/s)
    [7/11] sigma pair 70/144 (2.6s elapsed, 27.4 pairs/s)
    [7/11] sigma pair 84/144 (3.1s elapsed, 27.2 pairs/s)
    [7/11] sigma pair 98/144 (3.6s elapsed, 27.1 pairs/s)
    [7/11] sigma pair 112/144 (4.2s elapsed, 27.0 pairs/s)
    [7/11] sigma pair 126/144 (4.7s elapsed, 26.8 pairs/s)
    [7/11] sigma pair 140/144 (5.3s elapsed, 26.4 pairs/s)
    [7/11] sigma pair 144/144 (5.5s elapsed, 26.3 pairs/s)
[7/11] env_odom_noise=0.22222222222222224 -> NO VIABLE PAIR (run elapsed: 37.5s)
[8/11] env_odom_noise=0.26666666666666666 -- starting 144 sigma pairs...
    [8/11] sigma pair 14/144 (0.5s elapsed, 27.2 pairs/s)
    [8/11] sigma pair 28/144 (1.0s elapsed, 27.2 pairs/s)
    [8/11] sigma pair 42/144 (1.5s elapsed, 27.3 pairs/s)
    [8/11] sigma pair 56/144 (2.1s elapsed, 27.3 pairs/s)
    [8/11] sigma pair 70/144 (2.6s elapsed, 27.2 pairs/s)
    [8/11] sigma pair 84/144 (3.1s elapsed, 27.1 pairs/s)
    [8/11] sigma pair 98/144 (3.6s elapsed, 27.0 pairs/s)
    [8/11] sigma pair 112/144 (4.2s elapsed, 26.9 pairs/s)
    [8/11] sigma pair 126/144 (4.7s elapsed, 26.7 pairs/s)
    [8/11] sigma pair 140/144 (5.3s elapsed, 26.3 pairs/s)
    [8/11] sigma pair 144/144 (5.5s elapsed, 26.2 pairs/s)
[8/11] env_odom_noise=0.26666666666666666 -> NO VIABLE PAIR (run elapsed: 43.0s)
[9/11] env_odom_noise=0.3111111111111111 -- starting 144 sigma pairs...
    [9/11] sigma pair 14/144 (0.5s elapsed, 27.2 pairs/s)
    [9/11] sigma pair 28/144 (1.0s elapsed, 27.3 pairs/s)
    [9/11] sigma pair 42/144 (1.5s elapsed, 27.3 pairs/s)
    [9/11] sigma pair 56/144 (2.1s elapsed, 27.3 pairs/s)
    [9/11] sigma pair 70/144 (2.6s elapsed, 27.2 pairs/s)
    [9/11] sigma pair 84/144 (3.1s elapsed, 27.1 pairs/s)
    [9/11] sigma pair 98/144 (3.6s elapsed, 27.1 pairs/s)
    [9/11] sigma pair 112/144 (4.2s elapsed, 26.9 pairs/s)
    [9/11] sigma pair 126/144 (4.7s elapsed, 26.7 pairs/s)
    [9/11] sigma pair 140/144 (5.3s elapsed, 26.3 pairs/s)
    [9/11] sigma pair 144/144 (5.5s elapsed, 26.2 pairs/s)
[9/11] env_odom_noise=0.3111111111111111 -> NO VIABLE PAIR (run elapsed: 48.5s)
[10/11] env_odom_noise=0.35555555555555557 -- starting 144 sigma pairs...
    [10/11] sigma pair 14/144 (0.5s elapsed, 27.5 pairs/s)
    [10/11] sigma pair 28/144 (1.0s elapsed, 27.4 pairs/s)
    [10/11] sigma pair 42/144 (1.5s elapsed, 27.4 pairs/s)
    [10/11] sigma pair 56/144 (2.0s elapsed, 27.4 pairs/s)
    [10/11] sigma pair 70/144 (2.6s elapsed, 27.3 pairs/s)
    [10/11] sigma pair 84/144 (3.1s elapsed, 27.2 pairs/s)
    [10/11] sigma pair 98/144 (3.6s elapsed, 27.1 pairs/s)
    [10/11] sigma pair 112/144 (4.2s elapsed, 26.9 pairs/s)
    [10/11] sigma pair 126/144 (4.7s elapsed, 26.6 pairs/s)
    [10/11] sigma pair 140/144 (5.3s elapsed, 26.2 pairs/s)
    [10/11] sigma pair 144/144 (5.5s elapsed, 26.1 pairs/s)
[10/11] env_odom_noise=0.35555555555555557 -> NO VIABLE PAIR (run elapsed: 54.1s)
[11/11] env_odom_noise=0.4 -- starting 144 sigma pairs...
    [11/11] sigma pair 14/144 (0.5s elapsed, 27.2 pairs/s)
    [11/11] sigma pair 28/144 (1.0s elapsed, 27.3 pairs/s)
    [11/11] sigma pair 42/144 (1.5s elapsed, 27.3 pairs/s)
    [11/11] sigma pair 56/144 (2.1s elapsed, 27.3 pairs/s)
    [11/11] sigma pair 70/144 (2.6s elapsed, 27.2 pairs/s)
    [11/11] sigma pair 84/144 (3.1s elapsed, 27.1 pairs/s)
    [11/11] sigma pair 98/144 (3.6s elapsed, 27.0 pairs/s)
    [11/11] sigma pair 112/144 (4.2s elapsed, 26.8 pairs/s)
    [11/11] sigma pair 126/144 (4.7s elapsed, 26.6 pairs/s)
    [11/11] sigma pair 140/144 (5.3s elapsed, 26.2 pairs/s)
    [11/11] sigma pair 144/144 (5.5s elapsed, 26.1 pairs/s)
[11/11] env_odom_noise=0.4 -> NO VIABLE PAIR (run elapsed: 59.6s)

wrote 1584 detail rows to belief_exp/results/03_env_odom_noise_wide_details.csv
wrote 11 summary rows to belief_exp/results/03_env_odom_noise_wide_summary.csv
total wall time: 59.6s

       sweep_param        sweep_value  min_sigma_visible     min_odom_noise       found_viable
----------------------------------------------------------------------------------------------
          baseline               None            0.01041          0.0002071               True
    env_odom_noise                  0            0.01041             0.0001               True
    env_odom_noise            0.04444            0.01041             0.0001               True
    env_odom_noise            0.08889           0.004801            0.01632               True
    env_odom_noise             0.1333                nan                nan              False
    env_odom_noise             0.1778                nan                nan              False
    env_odom_noise             0.2222                nan                nan              False
    env_odom_noise             0.2667                nan                nan              False
    env_odom_noise             0.3111                nan                nan              False
    env_odom_noise             0.3556                nan                nan              False
    env_odom_noise                0.4                nan                nan              False
