evaluating 9 config-point(s), 16x16 sigma pairs each (7680 episodes per config-point)
[1/9] baseline=None -- starting 256 sigma pairs...
    [1/9] sigma pair 25/256 (1.3s elapsed, 19.8 pairs/s)
    [1/9] sigma pair 50/256 (2.5s elapsed, 19.7 pairs/s)
    [1/9] sigma pair 75/256 (3.8s elapsed, 19.7 pairs/s)
    [1/9] sigma pair 100/256 (5.1s elapsed, 19.7 pairs/s)
    [1/9] sigma pair 125/256 (6.4s elapsed, 19.7 pairs/s)
    [1/9] sigma pair 150/256 (7.6s elapsed, 19.6 pairs/s)
    [1/9] sigma pair 175/256 (8.9s elapsed, 19.6 pairs/s)
    [1/9] sigma pair 200/256 (10.2s elapsed, 19.5 pairs/s)
    [1/9] sigma pair 225/256 (11.6s elapsed, 19.4 pairs/s)
    [1/9] sigma pair 250/256 (12.9s elapsed, 19.4 pairs/s)
    [1/9] sigma pair 256/256 (13.3s elapsed, 19.3 pairs/s)
[1/9] baseline=None -> min_sv=0.005 min_on=0.005 (run elapsed: 13.3s)
[2/9] env_odom_noise=0.0 -- starting 256 sigma pairs...
    [2/9] sigma pair 25/256 (1.3s elapsed, 19.9 pairs/s)
    [2/9] sigma pair 50/256 (2.5s elapsed, 19.8 pairs/s)
    [2/9] sigma pair 75/256 (3.8s elapsed, 19.8 pairs/s)
    [2/9] sigma pair 100/256 (5.1s elapsed, 19.7 pairs/s)
    [2/9] sigma pair 125/256 (6.4s elapsed, 19.7 pairs/s)
    [2/9] sigma pair 150/256 (7.6s elapsed, 19.6 pairs/s)
    [2/9] sigma pair 175/256 (9.0s elapsed, 19.5 pairs/s)
    [2/9] sigma pair 200/256 (10.3s elapsed, 19.5 pairs/s)
    [2/9] sigma pair 225/256 (11.6s elapsed, 19.4 pairs/s)
    [2/9] sigma pair 250/256 (12.9s elapsed, 19.3 pairs/s)
    [2/9] sigma pair 256/256 (13.3s elapsed, 19.3 pairs/s)
[2/9] env_odom_noise=0.0 -> min_sv=0.005 min_on=0.005 (run elapsed: 26.5s)
[3/9] env_odom_noise=0.02142857142857143 -- starting 256 sigma pairs...
    [3/9] sigma pair 25/256 (1.2s elapsed, 20.0 pairs/s)
    [3/9] sigma pair 50/256 (2.5s elapsed, 19.8 pairs/s)
    [3/9] sigma pair 75/256 (3.8s elapsed, 19.8 pairs/s)
    [3/9] sigma pair 100/256 (5.1s elapsed, 19.8 pairs/s)
    [3/9] sigma pair 125/256 (6.3s elapsed, 19.7 pairs/s)
    [3/9] sigma pair 150/256 (7.6s elapsed, 19.6 pairs/s)
    [3/9] sigma pair 175/256 (8.9s elapsed, 19.6 pairs/s)
    [3/9] sigma pair 200/256 (10.3s elapsed, 19.5 pairs/s)
    [3/9] sigma pair 225/256 (11.6s elapsed, 19.4 pairs/s)
    [3/9] sigma pair 250/256 (12.9s elapsed, 19.3 pairs/s)
    [3/9] sigma pair 256/256 (13.3s elapsed, 19.3 pairs/s)
[3/9] env_odom_noise=0.02142857142857143 -> min_sv=0.005 min_on=0.005 (run elapsed: 39.8s)
[4/9] env_odom_noise=0.04285714285714286 -- starting 256 sigma pairs...
    [4/9] sigma pair 25/256 (1.2s elapsed, 20.0 pairs/s)
    [4/9] sigma pair 50/256 (2.5s elapsed, 19.8 pairs/s)
    [4/9] sigma pair 75/256 (3.8s elapsed, 19.8 pairs/s)
    [4/9] sigma pair 100/256 (5.1s elapsed, 19.8 pairs/s)
    [4/9] sigma pair 125/256 (6.3s elapsed, 19.7 pairs/s)
    [4/9] sigma pair 150/256 (7.6s elapsed, 19.7 pairs/s)
    [4/9] sigma pair 175/256 (8.9s elapsed, 19.6 pairs/s)
    [4/9] sigma pair 200/256 (10.2s elapsed, 19.5 pairs/s)
    [4/9] sigma pair 225/256 (11.6s elapsed, 19.4 pairs/s)
    [4/9] sigma pair 250/256 (12.9s elapsed, 19.4 pairs/s)
    [4/9] sigma pair 256/256 (13.3s elapsed, 19.3 pairs/s)
[4/9] env_odom_noise=0.04285714285714286 -> min_sv=0.005 min_on=0.005 (run elapsed: 53.1s)
[5/9] env_odom_noise=0.06428571428571428 -- starting 256 sigma pairs...
    [5/9] sigma pair 25/256 (1.2s elapsed, 20.0 pairs/s)
    [5/9] sigma pair 50/256 (2.5s elapsed, 19.9 pairs/s)
    [5/9] sigma pair 75/256 (3.8s elapsed, 19.9 pairs/s)
    [5/9] sigma pair 100/256 (5.1s elapsed, 19.8 pairs/s)
    [5/9] sigma pair 125/256 (6.3s elapsed, 19.7 pairs/s)
    [5/9] sigma pair 150/256 (7.6s elapsed, 19.7 pairs/s)
    [5/9] sigma pair 175/256 (8.9s elapsed, 19.6 pairs/s)
    [5/9] sigma pair 200/256 (10.2s elapsed, 19.6 pairs/s)
    [5/9] sigma pair 225/256 (11.5s elapsed, 19.5 pairs/s)
    [5/9] sigma pair 250/256 (12.9s elapsed, 19.4 pairs/s)
    [5/9] sigma pair 256/256 (13.2s elapsed, 19.4 pairs/s)
[5/9] env_odom_noise=0.06428571428571428 -> min_sv=0.006105 min_on=0.005 (run elapsed: 66.3s)
[6/9] env_odom_noise=0.08571428571428572 -- starting 256 sigma pairs...
    [6/9] sigma pair 25/256 (1.2s elapsed, 20.1 pairs/s)
    [6/9] sigma pair 50/256 (2.5s elapsed, 19.9 pairs/s)
    [6/9] sigma pair 75/256 (3.8s elapsed, 19.9 pairs/s)
    [6/9] sigma pair 100/256 (5.1s elapsed, 19.8 pairs/s)
    [6/9] sigma pair 125/256 (6.3s elapsed, 19.7 pairs/s)
    [6/9] sigma pair 150/256 (7.6s elapsed, 19.7 pairs/s)
    [6/9] sigma pair 175/256 (8.9s elapsed, 19.6 pairs/s)
    [6/9] sigma pair 200/256 (10.2s elapsed, 19.6 pairs/s)
    [6/9] sigma pair 225/256 (11.6s elapsed, 19.5 pairs/s)
    [6/9] sigma pair 250/256 (12.9s elapsed, 19.4 pairs/s)
    [6/9] sigma pair 256/256 (13.2s elapsed, 19.3 pairs/s)
[6/9] env_odom_noise=0.08571428571428572 -> min_sv=0.009103 min_on=0.005 (run elapsed: 79.5s)
[7/9] env_odom_noise=0.10714285714285715 -- starting 256 sigma pairs...
    [7/9] sigma pair 25/256 (1.3s elapsed, 20.0 pairs/s)
    [7/9] sigma pair 50/256 (2.5s elapsed, 19.8 pairs/s)
    [7/9] sigma pair 75/256 (3.8s elapsed, 19.8 pairs/s)
    [7/9] sigma pair 100/256 (5.1s elapsed, 19.7 pairs/s)
    [7/9] sigma pair 125/256 (6.3s elapsed, 19.7 pairs/s)
    [7/9] sigma pair 150/256 (7.6s elapsed, 19.6 pairs/s)
    [7/9] sigma pair 175/256 (8.9s elapsed, 19.6 pairs/s)
    [7/9] sigma pair 200/256 (10.2s elapsed, 19.5 pairs/s)
    [7/9] sigma pair 225/256 (11.6s elapsed, 19.4 pairs/s)
    [7/9] sigma pair 250/256 (12.9s elapsed, 19.4 pairs/s)
    [7/9] sigma pair 256/256 (13.2s elapsed, 19.3 pairs/s)
[7/9] env_odom_noise=0.10714285714285715 -> min_sv=0.01112 min_on=0.006015 (run elapsed: 92.8s)
[8/9] env_odom_noise=0.12857142857142856 -- starting 256 sigma pairs...
    [8/9] sigma pair 25/256 (1.3s elapsed, 19.9 pairs/s)
    [8/9] sigma pair 50/256 (2.5s elapsed, 19.7 pairs/s)
    [8/9] sigma pair 75/256 (3.8s elapsed, 19.7 pairs/s)
    [8/9] sigma pair 100/256 (5.1s elapsed, 19.7 pairs/s)
    [8/9] sigma pair 125/256 (6.4s elapsed, 19.6 pairs/s)
    [8/9] sigma pair 150/256 (7.7s elapsed, 19.6 pairs/s)
    [8/9] sigma pair 175/256 (9.0s elapsed, 19.5 pairs/s)
    [8/9] sigma pair 200/256 (10.3s elapsed, 19.5 pairs/s)
    [8/9] sigma pair 225/256 (11.6s elapsed, 19.4 pairs/s)
    [8/9] sigma pair 250/256 (13.0s elapsed, 19.3 pairs/s)
    [8/9] sigma pair 256/256 (13.3s elapsed, 19.3 pairs/s)
[8/9] env_odom_noise=0.12857142857142856 -> min_sv=0.01657 min_on=0.006015 (run elapsed: 106.1s)
[9/9] env_odom_noise=0.15 -- starting 256 sigma pairs...
    [9/9] sigma pair 25/256 (1.3s elapsed, 19.9 pairs/s)
    [9/9] sigma pair 50/256 (2.5s elapsed, 19.7 pairs/s)
    [9/9] sigma pair 75/256 (3.8s elapsed, 19.7 pairs/s)
    [9/9] sigma pair 100/256 (5.1s elapsed, 19.6 pairs/s)
    [9/9] sigma pair 125/256 (6.4s elapsed, 19.6 pairs/s)
    [9/9] sigma pair 150/256 (7.7s elapsed, 19.5 pairs/s)
    [9/9] sigma pair 175/256 (9.0s elapsed, 19.5 pairs/s)
    [9/9] sigma pair 200/256 (10.3s elapsed, 19.4 pairs/s)
    [9/9] sigma pair 225/256 (11.6s elapsed, 19.3 pairs/s)
    [9/9] sigma pair 250/256 (13.0s elapsed, 19.2 pairs/s)
    [9/9] sigma pair 256/256 (13.3s elapsed, 19.2 pairs/s)
[9/9] env_odom_noise=0.15 -> min_sv=0.02471 min_on=0.005 (run elapsed: 119.4s)

wrote 2304 detail rows to belief_exp/results/04_zoom_boundary_details.csv
wrote 9 summary rows to belief_exp/results/04_zoom_boundary_summary.csv
total wall time: 119.4s

       sweep_param        sweep_value  min_sigma_visible     min_odom_noise       found_viable
----------------------------------------------------------------------------------------------
          baseline               None              0.005              0.005               True
    env_odom_noise                  0              0.005              0.005               True
    env_odom_noise            0.02143              0.005              0.005               True
    env_odom_noise            0.04286              0.005              0.005               True
    env_odom_noise            0.06429           0.006105              0.005               True
    env_odom_noise            0.08571           0.009103              0.005               True
    env_odom_noise             0.1071            0.01112           0.006015               True
    env_odom_noise             0.1286            0.01657           0.006015               True
    env_odom_noise               0.15            0.02471              0.005               True
