evaluating 11 config-point(s), 12x12 sigma pairs each (2880 episodes per config-point)
[1/11] baseline=None -- starting 144 sigma pairs...
    [1/11] sigma pair 14/144 (0.5s elapsed, 28.2 pairs/s)
    [1/11] sigma pair 28/144 (1.0s elapsed, 28.5 pairs/s)
    [1/11] sigma pair 42/144 (1.5s elapsed, 28.6 pairs/s)
    [1/11] sigma pair 56/144 (2.0s elapsed, 28.6 pairs/s)
    [1/11] sigma pair 70/144 (2.5s elapsed, 28.5 pairs/s)
    [1/11] sigma pair 84/144 (3.0s elapsed, 28.4 pairs/s)
    [1/11] sigma pair 98/144 (3.5s elapsed, 28.3 pairs/s)
    [1/11] sigma pair 112/144 (4.0s elapsed, 28.2 pairs/s)
    [1/11] sigma pair 126/144 (4.5s elapsed, 27.9 pairs/s)
    [1/11] sigma pair 140/144 (5.1s elapsed, 27.5 pairs/s)
    [1/11] sigma pair 144/144 (5.3s elapsed, 27.3 pairs/s)
[1/11] baseline=None -> min_sv=0.01041 min_on=0.0002071 (run elapsed: 5.3s)
[2/11] success_radius=0.2 -- starting 144 sigma pairs...
    [2/11] sigma pair 14/144 (0.5s elapsed, 27.7 pairs/s)
    [2/11] sigma pair 28/144 (1.0s elapsed, 27.7 pairs/s)
    [2/11] sigma pair 42/144 (1.5s elapsed, 27.6 pairs/s)
    [2/11] sigma pair 56/144 (2.0s elapsed, 27.6 pairs/s)
    [2/11] sigma pair 70/144 (2.5s elapsed, 27.5 pairs/s)
    [2/11] sigma pair 84/144 (3.1s elapsed, 27.4 pairs/s)
    [2/11] sigma pair 98/144 (3.6s elapsed, 27.3 pairs/s)
    [2/11] sigma pair 112/144 (4.1s elapsed, 27.2 pairs/s)
    [2/11] sigma pair 126/144 (4.7s elapsed, 27.0 pairs/s)
    [2/11] sigma pair 140/144 (5.3s elapsed, 26.6 pairs/s)
    [2/11] sigma pair 144/144 (5.4s elapsed, 26.4 pairs/s)
[2/11] success_radius=0.2 -> NO VIABLE PAIR (run elapsed: 10.7s)
[3/11] success_radius=0.2888888888888889 -- starting 144 sigma pairs...
    [3/11] sigma pair 14/144 (0.5s elapsed, 28.1 pairs/s)
    [3/11] sigma pair 28/144 (1.0s elapsed, 28.1 pairs/s)
    [3/11] sigma pair 42/144 (1.5s elapsed, 28.1 pairs/s)
    [3/11] sigma pair 56/144 (2.0s elapsed, 28.0 pairs/s)
    [3/11] sigma pair 70/144 (2.5s elapsed, 27.9 pairs/s)
    [3/11] sigma pair 84/144 (3.0s elapsed, 27.7 pairs/s)
    [3/11] sigma pair 98/144 (3.5s elapsed, 27.7 pairs/s)
    [3/11] sigma pair 112/144 (4.1s elapsed, 27.5 pairs/s)
    [3/11] sigma pair 126/144 (4.6s elapsed, 27.3 pairs/s)
    [3/11] sigma pair 140/144 (5.2s elapsed, 26.9 pairs/s)
    [3/11] sigma pair 144/144 (5.4s elapsed, 26.7 pairs/s)
[3/11] success_radius=0.2888888888888889 -> min_sv=0.01041 min_on=0.0002071 (run elapsed: 16.1s)
[4/11] success_radius=0.37777777777777777 -- starting 144 sigma pairs...
    [4/11] sigma pair 14/144 (0.5s elapsed, 28.4 pairs/s)
    [4/11] sigma pair 28/144 (1.0s elapsed, 28.3 pairs/s)
    [4/11] sigma pair 42/144 (1.5s elapsed, 28.2 pairs/s)
    [4/11] sigma pair 56/144 (2.0s elapsed, 28.2 pairs/s)
    [4/11] sigma pair 70/144 (2.5s elapsed, 28.1 pairs/s)
    [4/11] sigma pair 84/144 (3.0s elapsed, 28.0 pairs/s)
    [4/11] sigma pair 98/144 (3.5s elapsed, 27.9 pairs/s)
    [4/11] sigma pair 112/144 (4.0s elapsed, 27.7 pairs/s)
    [4/11] sigma pair 126/144 (4.6s elapsed, 27.5 pairs/s)
    [4/11] sigma pair 140/144 (5.2s elapsed, 27.0 pairs/s)
    [4/11] sigma pair 144/144 (5.4s elapsed, 26.9 pairs/s)
[4/11] success_radius=0.37777777777777777 -> min_sv=0.01041 min_on=0.0002071 (run elapsed: 21.5s)
[5/11] success_radius=0.4666666666666667 -- starting 144 sigma pairs...
    [5/11] sigma pair 14/144 (0.5s elapsed, 28.8 pairs/s)
    [5/11] sigma pair 28/144 (1.0s elapsed, 28.8 pairs/s)
    [5/11] sigma pair 42/144 (1.5s elapsed, 28.8 pairs/s)
    [5/11] sigma pair 56/144 (2.0s elapsed, 28.7 pairs/s)
    [5/11] sigma pair 70/144 (2.4s elapsed, 28.6 pairs/s)
    [5/11] sigma pair 84/144 (3.0s elapsed, 28.4 pairs/s)
    [5/11] sigma pair 98/144 (3.5s elapsed, 28.3 pairs/s)
    [5/11] sigma pair 112/144 (4.0s elapsed, 28.2 pairs/s)
    [5/11] sigma pair 126/144 (4.5s elapsed, 27.9 pairs/s)
    [5/11] sigma pair 140/144 (5.1s elapsed, 27.5 pairs/s)
    [5/11] sigma pair 144/144 (5.3s elapsed, 27.3 pairs/s)
[5/11] success_radius=0.4666666666666667 -> min_sv=0.01041 min_on=0.0002071 (run elapsed: 26.7s)
[6/11] success_radius=0.5555555555555556 -- starting 144 sigma pairs...
    [6/11] sigma pair 14/144 (0.5s elapsed, 29.0 pairs/s)
    [6/11] sigma pair 28/144 (1.0s elapsed, 28.9 pairs/s)
    [6/11] sigma pair 42/144 (1.5s elapsed, 28.9 pairs/s)
    [6/11] sigma pair 56/144 (1.9s elapsed, 28.9 pairs/s)
    [6/11] sigma pair 70/144 (2.4s elapsed, 28.8 pairs/s)
    [6/11] sigma pair 84/144 (2.9s elapsed, 28.7 pairs/s)
    [6/11] sigma pair 98/144 (3.4s elapsed, 28.6 pairs/s)
    [6/11] sigma pair 112/144 (3.9s elapsed, 28.4 pairs/s)
    [6/11] sigma pair 126/144 (4.5s elapsed, 28.2 pairs/s)
    [6/11] sigma pair 140/144 (5.0s elapsed, 27.8 pairs/s)
    [6/11] sigma pair 144/144 (5.2s elapsed, 27.6 pairs/s)
[6/11] success_radius=0.5555555555555556 -> min_sv=0.01041 min_on=0.0002071 (run elapsed: 32.0s)
[7/11] success_radius=0.6444444444444445 -- starting 144 sigma pairs...
    [7/11] sigma pair 14/144 (0.5s elapsed, 29.5 pairs/s)
    [7/11] sigma pair 28/144 (0.9s elapsed, 29.5 pairs/s)
    [7/11] sigma pair 42/144 (1.4s elapsed, 29.5 pairs/s)
    [7/11] sigma pair 56/144 (1.9s elapsed, 29.4 pairs/s)
    [7/11] sigma pair 70/144 (2.4s elapsed, 29.3 pairs/s)
    [7/11] sigma pair 84/144 (2.9s elapsed, 29.2 pairs/s)
    [7/11] sigma pair 98/144 (3.4s elapsed, 29.1 pairs/s)
    [7/11] sigma pair 112/144 (3.9s elapsed, 28.9 pairs/s)
    [7/11] sigma pair 126/144 (4.4s elapsed, 28.6 pairs/s)
    [7/11] sigma pair 140/144 (5.0s elapsed, 28.1 pairs/s)
    [7/11] sigma pair 144/144 (5.1s elapsed, 28.0 pairs/s)
[7/11] success_radius=0.6444444444444445 -> min_sv=0.01041 min_on=0.0002071 (run elapsed: 37.1s)
[8/11] success_radius=0.7333333333333334 -- starting 144 sigma pairs...
    [8/11] sigma pair 14/144 (0.5s elapsed, 29.8 pairs/s)
    [8/11] sigma pair 28/144 (0.9s elapsed, 29.8 pairs/s)
    [8/11] sigma pair 42/144 (1.4s elapsed, 29.8 pairs/s)
    [8/11] sigma pair 56/144 (1.9s elapsed, 29.7 pairs/s)
    [8/11] sigma pair 70/144 (2.4s elapsed, 29.6 pairs/s)
    [8/11] sigma pair 84/144 (2.8s elapsed, 29.5 pairs/s)
    [8/11] sigma pair 98/144 (3.3s elapsed, 29.4 pairs/s)
    [8/11] sigma pair 112/144 (3.8s elapsed, 29.2 pairs/s)
    [8/11] sigma pair 126/144 (4.4s elapsed, 28.9 pairs/s)
    [8/11] sigma pair 140/144 (4.9s elapsed, 28.4 pairs/s)
    [8/11] sigma pair 144/144 (5.1s elapsed, 28.3 pairs/s)
[8/11] success_radius=0.7333333333333334 -> min_sv=0.01041 min_on=0.0002071 (run elapsed: 42.2s)
[9/11] success_radius=0.8222222222222222 -- starting 144 sigma pairs...
    [9/11] sigma pair 14/144 (0.5s elapsed, 29.9 pairs/s)
    [9/11] sigma pair 28/144 (0.9s elapsed, 30.0 pairs/s)
    [9/11] sigma pair 42/144 (1.4s elapsed, 30.0 pairs/s)
    [9/11] sigma pair 56/144 (1.9s elapsed, 29.9 pairs/s)
    [9/11] sigma pair 70/144 (2.3s elapsed, 29.8 pairs/s)
    [9/11] sigma pair 84/144 (2.8s elapsed, 29.7 pairs/s)
    [9/11] sigma pair 98/144 (3.3s elapsed, 29.6 pairs/s)
    [9/11] sigma pair 112/144 (3.8s elapsed, 29.4 pairs/s)
    [9/11] sigma pair 126/144 (4.3s elapsed, 29.1 pairs/s)
    [9/11] sigma pair 140/144 (4.9s elapsed, 28.7 pairs/s)
    [9/11] sigma pair 144/144 (5.0s elapsed, 28.5 pairs/s)
[9/11] success_radius=0.8222222222222222 -> min_sv=0.01041 min_on=0.0002071 (run elapsed: 47.3s)
[10/11] success_radius=0.9111111111111112 -- starting 144 sigma pairs...
    [10/11] sigma pair 14/144 (0.5s elapsed, 30.5 pairs/s)
    [10/11] sigma pair 28/144 (0.9s elapsed, 30.4 pairs/s)
    [10/11] sigma pair 42/144 (1.4s elapsed, 30.4 pairs/s)
    [10/11] sigma pair 56/144 (1.8s elapsed, 30.3 pairs/s)
    [10/11] sigma pair 70/144 (2.3s elapsed, 30.2 pairs/s)
    [10/11] sigma pair 84/144 (2.8s elapsed, 30.1 pairs/s)
    [10/11] sigma pair 98/144 (3.3s elapsed, 29.9 pairs/s)
    [10/11] sigma pair 112/144 (3.8s elapsed, 29.8 pairs/s)
    [10/11] sigma pair 126/144 (4.3s elapsed, 29.5 pairs/s)
    [10/11] sigma pair 140/144 (4.8s elapsed, 29.0 pairs/s)
    [10/11] sigma pair 144/144 (5.0s elapsed, 28.8 pairs/s)
[10/11] success_radius=0.9111111111111112 -> min_sv=0.01041 min_on=0.0002071 (run elapsed: 52.2s)
[11/11] success_radius=1.0 -- starting 144 sigma pairs...
    [11/11] sigma pair 14/144 (0.5s elapsed, 30.9 pairs/s)
    [11/11] sigma pair 28/144 (0.9s elapsed, 30.8 pairs/s)
    [11/11] sigma pair 42/144 (1.4s elapsed, 30.8 pairs/s)
    [11/11] sigma pair 56/144 (1.8s elapsed, 30.8 pairs/s)
    [11/11] sigma pair 70/144 (2.3s elapsed, 30.7 pairs/s)
    [11/11] sigma pair 84/144 (2.8s elapsed, 30.5 pairs/s)
    [11/11] sigma pair 98/144 (3.2s elapsed, 30.4 pairs/s)
    [11/11] sigma pair 112/144 (3.7s elapsed, 30.2 pairs/s)
    [11/11] sigma pair 126/144 (4.2s elapsed, 29.9 pairs/s)
    [11/11] sigma pair 140/144 (4.8s elapsed, 29.4 pairs/s)
    [11/11] sigma pair 144/144 (4.9s elapsed, 29.2 pairs/s)
[11/11] success_radius=1.0 -> min_sv=0.01041 min_on=0.0002071 (run elapsed: 57.2s)

wrote 1584 detail rows to belief_exp/results/10_success_radius_details.csv
wrote 11 summary rows to belief_exp/results/10_success_radius_summary.csv
total wall time: 57.2s

       sweep_param        sweep_value  min_sigma_visible     min_odom_noise       found_viable
----------------------------------------------------------------------------------------------
          baseline               None            0.01041          0.0002071               True
    success_radius                0.2                nan                nan              False
    success_radius             0.2889            0.01041          0.0002071               True
    success_radius             0.3778            0.01041          0.0002071               True
    success_radius             0.4667            0.01041          0.0002071               True
    success_radius             0.5556            0.01041          0.0002071               True
    success_radius             0.6444            0.01041          0.0002071               True
    success_radius             0.7333            0.01041          0.0002071               True
    success_radius             0.8222            0.01041          0.0002071               True
    success_radius             0.9111            0.01041          0.0002071               True
    success_radius                  1            0.01041          0.0002071               True
