evaluating 9 config-point(s), 32x32 sigma pairs each (102400 episodes per config-point)
[1/9] baseline=None -- starting 1024 sigma pairs...
    [1/9] sigma pair 102/1024 (17.4s elapsed, 5.9 pairs/s)
    [1/9] sigma pair 204/1024 (32.6s elapsed, 6.3 pairs/s)
    [1/9] sigma pair 306/1024 (44.4s elapsed, 6.9 pairs/s)
    [1/9] sigma pair 408/1024 (56.3s elapsed, 7.2 pairs/s)
    [1/9] sigma pair 510/1024 (68.3s elapsed, 7.5 pairs/s)
    [1/9] sigma pair 612/1024 (80.2s elapsed, 7.6 pairs/s)
    [1/9] sigma pair 714/1024 (92.2s elapsed, 7.7 pairs/s)
    [1/9] sigma pair 816/1024 (104.3s elapsed, 7.8 pairs/s)
    [1/9] sigma pair 918/1024 (116.4s elapsed, 7.9 pairs/s)
    [1/9] sigma pair 1020/1024 (128.7s elapsed, 7.9 pairs/s)
    [1/9] sigma pair 1024/1024 (129.2s elapsed, 7.9 pairs/s)
[1/9] baseline=None -> min_sv=0.01 min_on=0.01 (run elapsed: 129.2s)
[2/9] env_odom_noise=0.0 -- starting 1024 sigma pairs...
    [2/9] sigma pair 102/1024 (11.6s elapsed, 8.8 pairs/s)
    [2/9] sigma pair 204/1024 (23.3s elapsed, 8.8 pairs/s)
    [2/9] sigma pair 306/1024 (35.0s elapsed, 8.7 pairs/s)
    [2/9] sigma pair 408/1024 (46.8s elapsed, 8.7 pairs/s)
    [2/9] sigma pair 510/1024 (58.6s elapsed, 8.7 pairs/s)
    [2/9] sigma pair 612/1024 (70.5s elapsed, 8.7 pairs/s)
    [2/9] sigma pair 714/1024 (82.4s elapsed, 8.7 pairs/s)
    [2/9] sigma pair 816/1024 (94.4s elapsed, 8.6 pairs/s)
    [2/9] sigma pair 918/1024 (106.5s elapsed, 8.6 pairs/s)
    [2/9] sigma pair 1020/1024 (118.7s elapsed, 8.6 pairs/s)
    [2/9] sigma pair 1024/1024 (119.1s elapsed, 8.6 pairs/s)
[2/9] env_odom_noise=0.0 -> NO VIABLE PAIR (run elapsed: 248.3s)
[3/9] env_odom_noise=0.02142857142857143 -- starting 1024 sigma pairs...
    [3/9] sigma pair 102/1024 (11.6s elapsed, 8.8 pairs/s)
    [3/9] sigma pair 204/1024 (23.3s elapsed, 8.8 pairs/s)
    [3/9] sigma pair 306/1024 (35.0s elapsed, 8.7 pairs/s)
    [3/9] sigma pair 408/1024 (46.8s elapsed, 8.7 pairs/s)
    [3/9] sigma pair 510/1024 (58.6s elapsed, 8.7 pairs/s)
    [3/9] sigma pair 612/1024 (70.5s elapsed, 8.7 pairs/s)
    [3/9] sigma pair 714/1024 (82.4s elapsed, 8.7 pairs/s)
    [3/9] sigma pair 816/1024 (94.4s elapsed, 8.6 pairs/s)
    [3/9] sigma pair 918/1024 (106.4s elapsed, 8.6 pairs/s)
    [3/9] sigma pair 1020/1024 (118.6s elapsed, 8.6 pairs/s)
    [3/9] sigma pair 1024/1024 (119.1s elapsed, 8.6 pairs/s)
[3/9] env_odom_noise=0.02142857142857143 -> NO VIABLE PAIR (run elapsed: 367.4s)
[4/9] env_odom_noise=0.04285714285714286 -- starting 1024 sigma pairs...
    [4/9] sigma pair 102/1024 (11.6s elapsed, 8.8 pairs/s)
    [4/9] sigma pair 204/1024 (23.3s elapsed, 8.7 pairs/s)
    [4/9] sigma pair 306/1024 (35.1s elapsed, 8.7 pairs/s)
    [4/9] sigma pair 408/1024 (46.8s elapsed, 8.7 pairs/s)
    [4/9] sigma pair 510/1024 (58.7s elapsed, 8.7 pairs/s)
    [4/9] sigma pair 612/1024 (70.5s elapsed, 8.7 pairs/s)
    [4/9] sigma pair 714/1024 (82.5s elapsed, 8.7 pairs/s)
    [4/9] sigma pair 816/1024 (94.5s elapsed, 8.6 pairs/s)
    [4/9] sigma pair 918/1024 (106.6s elapsed, 8.6 pairs/s)
    [4/9] sigma pair 1020/1024 (118.8s elapsed, 8.6 pairs/s)
    [4/9] sigma pair 1024/1024 (119.2s elapsed, 8.6 pairs/s)
[4/9] env_odom_noise=0.04285714285714286 -> min_sv=0.01 min_on=0.01 (run elapsed: 486.7s)
[5/9] env_odom_noise=0.06428571428571428 -- starting 1024 sigma pairs...
    [5/9] sigma pair 102/1024 (11.6s elapsed, 8.8 pairs/s)
    [5/9] sigma pair 204/1024 (23.3s elapsed, 8.7 pairs/s)
    [5/9] sigma pair 306/1024 (35.1s elapsed, 8.7 pairs/s)
    [5/9] sigma pair 408/1024 (46.9s elapsed, 8.7 pairs/s)
    [5/9] sigma pair 510/1024 (58.8s elapsed, 8.7 pairs/s)
    [5/9] sigma pair 612/1024 (70.7s elapsed, 8.7 pairs/s)
    [5/9] sigma pair 714/1024 (82.7s elapsed, 8.6 pairs/s)
    [5/9] sigma pair 816/1024 (94.6s elapsed, 8.6 pairs/s)
    [5/9] sigma pair 918/1024 (106.7s elapsed, 8.6 pairs/s)
    [5/9] sigma pair 1020/1024 (118.9s elapsed, 8.6 pairs/s)
    [5/9] sigma pair 1024/1024 (119.4s elapsed, 8.6 pairs/s)
[5/9] env_odom_noise=0.06428571428571428 -> min_sv=0.01 min_on=0.01 (run elapsed: 606.1s)
[6/9] env_odom_noise=0.08571428571428572 -- starting 1024 sigma pairs...
    [6/9] sigma pair 102/1024 (11.7s elapsed, 8.7 pairs/s)
    [6/9] sigma pair 204/1024 (23.4s elapsed, 8.7 pairs/s)
    [6/9] sigma pair 306/1024 (35.1s elapsed, 8.7 pairs/s)
    [6/9] sigma pair 408/1024 (46.9s elapsed, 8.7 pairs/s)
    [6/9] sigma pair 510/1024 (58.8s elapsed, 8.7 pairs/s)
    [6/9] sigma pair 612/1024 (70.7s elapsed, 8.7 pairs/s)
    [6/9] sigma pair 714/1024 (82.7s elapsed, 8.6 pairs/s)
    [6/9] sigma pair 816/1024 (94.7s elapsed, 8.6 pairs/s)
    [6/9] sigma pair 918/1024 (106.8s elapsed, 8.6 pairs/s)
    [6/9] sigma pair 1020/1024 (119.0s elapsed, 8.6 pairs/s)
    [6/9] sigma pair 1024/1024 (119.5s elapsed, 8.6 pairs/s)
[6/9] env_odom_noise=0.08571428571428572 -> min_sv=0.01 min_on=0.01 (run elapsed: 725.6s)
[7/9] env_odom_noise=0.10714285714285715 -- starting 1024 sigma pairs...
    [7/9] sigma pair 102/1024 (11.7s elapsed, 8.7 pairs/s)
    [7/9] sigma pair 204/1024 (23.5s elapsed, 8.7 pairs/s)
    [7/9] sigma pair 306/1024 (35.3s elapsed, 8.7 pairs/s)
    [7/9] sigma pair 408/1024 (47.2s elapsed, 8.6 pairs/s)
    [7/9] sigma pair 510/1024 (59.1s elapsed, 8.6 pairs/s)
    [7/9] sigma pair 612/1024 (71.1s elapsed, 8.6 pairs/s)
    [7/9] sigma pair 714/1024 (83.2s elapsed, 8.6 pairs/s)
    [7/9] sigma pair 816/1024 (95.3s elapsed, 8.6 pairs/s)
    [7/9] sigma pair 918/1024 (107.5s elapsed, 8.5 pairs/s)
    [7/9] sigma pair 1020/1024 (119.7s elapsed, 8.5 pairs/s)
    [7/9] sigma pair 1024/1024 (120.2s elapsed, 8.5 pairs/s)
[7/9] env_odom_noise=0.10714285714285715 -> min_sv=0.01 min_on=0.01 (run elapsed: 845.8s)
[8/9] env_odom_noise=0.12857142857142856 -- starting 1024 sigma pairs...
    [8/9] sigma pair 102/1024 (11.8s elapsed, 8.6 pairs/s)
    [8/9] sigma pair 204/1024 (23.6s elapsed, 8.6 pairs/s)
    [8/9] sigma pair 306/1024 (35.5s elapsed, 8.6 pairs/s)
    [8/9] sigma pair 408/1024 (47.5s elapsed, 8.6 pairs/s)
    [8/9] sigma pair 510/1024 (59.4s elapsed, 8.6 pairs/s)
    [8/9] sigma pair 612/1024 (71.4s elapsed, 8.6 pairs/s)
    [8/9] sigma pair 714/1024 (83.5s elapsed, 8.5 pairs/s)
    [8/9] sigma pair 816/1024 (95.7s elapsed, 8.5 pairs/s)
    [8/9] sigma pair 918/1024 (107.9s elapsed, 8.5 pairs/s)
    [8/9] sigma pair 1020/1024 (120.2s elapsed, 8.5 pairs/s)
    [8/9] sigma pair 1024/1024 (120.6s elapsed, 8.5 pairs/s)
[8/9] env_odom_noise=0.12857142857142856 -> min_sv=0.01 min_on=0.01109 (run elapsed: 966.4s)
[9/9] env_odom_noise=0.15 -- starting 1024 sigma pairs...
    [9/9] sigma pair 102/1024 (11.8s elapsed, 8.6 pairs/s)
    [9/9] sigma pair 204/1024 (23.7s elapsed, 8.6 pairs/s)
    [9/9] sigma pair 306/1024 (35.6s elapsed, 8.6 pairs/s)
    [9/9] sigma pair 408/1024 (47.5s elapsed, 8.6 pairs/s)
    [9/9] sigma pair 510/1024 (59.6s elapsed, 8.6 pairs/s)
    [9/9] sigma pair 612/1024 (71.6s elapsed, 8.5 pairs/s)
    [9/9] sigma pair 714/1024 (83.7s elapsed, 8.5 pairs/s)
    [9/9] sigma pair 816/1024 (95.8s elapsed, 8.5 pairs/s)
    [9/9] sigma pair 918/1024 (108.0s elapsed, 8.5 pairs/s)
    [9/9] sigma pair 1020/1024 (120.3s elapsed, 8.5 pairs/s)
    [9/9] sigma pair 1024/1024 (120.8s elapsed, 8.5 pairs/s)
[9/9] env_odom_noise=0.15 -> min_sv=0.01365 min_on=0.01 (run elapsed: 1087.3s)

wrote 9216 detail rows to belief_exp/results/14_high_accuracy_details.csv
wrote 9 summary rows to belief_exp/results/14_high_accuracy_summary.csv
total wall time: 1087.3s

       sweep_param        sweep_value  min_sigma_visible     min_odom_noise       found_viable
----------------------------------------------------------------------------------------------
          baseline               None               0.01               0.01               True
    env_odom_noise                  0                nan                nan              False
    env_odom_noise            0.02143                nan                nan              False
    env_odom_noise            0.04286               0.01               0.01               True
    env_odom_noise            0.06429               0.01               0.01               True
    env_odom_noise            0.08571               0.01               0.01               True
    env_odom_noise             0.1071               0.01               0.01               True
    env_odom_noise             0.1286               0.01            0.01109               True
    env_odom_noise               0.15            0.01365               0.01               True
