evaluating 9 config-point(s), 40x40 sigma pairs each (80000 episodes per config-point)
[1/9] baseline=None -- starting 1600 sigma pairs...
    [1/9] sigma pair 160/1600 (13.1s elapsed, 12.2 pairs/s)
    [1/9] sigma pair 320/1600 (22.4s elapsed, 14.3 pairs/s)
    [1/9] sigma pair 480/1600 (31.5s elapsed, 15.3 pairs/s)
    [1/9] sigma pair 640/1600 (40.5s elapsed, 15.8 pairs/s)
    [1/9] sigma pair 800/1600 (49.6s elapsed, 16.1 pairs/s)
    [1/9] sigma pair 960/1600 (58.7s elapsed, 16.3 pairs/s)
    [1/9] sigma pair 1120/1600 (67.9s elapsed, 16.5 pairs/s)
    [1/9] sigma pair 1280/1600 (77.0s elapsed, 16.6 pairs/s)
    [1/9] sigma pair 1440/1600 (86.2s elapsed, 16.7 pairs/s)
    [1/9] sigma pair 1600/1600 (95.4s elapsed, 16.8 pairs/s)
[1/9] baseline=None -> min_sv=0.01 min_on=0.01 (run elapsed: 95.5s)
[2/9] env_odom_noise=0.04 -- starting 1600 sigma pairs...
    [2/9] sigma pair 160/1600 (9.0s elapsed, 17.8 pairs/s)
    [2/9] sigma pair 320/1600 (18.0s elapsed, 17.8 pairs/s)
    [2/9] sigma pair 480/1600 (27.1s elapsed, 17.7 pairs/s)
    [2/9] sigma pair 640/1600 (36.1s elapsed, 17.7 pairs/s)
    [2/9] sigma pair 800/1600 (45.2s elapsed, 17.7 pairs/s)
    [2/9] sigma pair 960/1600 (54.3s elapsed, 17.7 pairs/s)
    [2/9] sigma pair 1120/1600 (63.5s elapsed, 17.6 pairs/s)
    [2/9] sigma pair 1280/1600 (72.7s elapsed, 17.6 pairs/s)
    [2/9] sigma pair 1440/1600 (81.9s elapsed, 17.6 pairs/s)
    [2/9] sigma pair 1600/1600 (91.1s elapsed, 17.6 pairs/s)
[2/9] env_odom_noise=0.04 -> min_sv=0.01 min_on=0.01 (run elapsed: 186.6s)
[3/9] env_odom_noise=0.045714285714285714 -- starting 1600 sigma pairs...
    [3/9] sigma pair 160/1600 (9.0s elapsed, 17.8 pairs/s)
    [3/9] sigma pair 320/1600 (18.0s elapsed, 17.8 pairs/s)
    [3/9] sigma pair 480/1600 (27.1s elapsed, 17.7 pairs/s)
    [3/9] sigma pair 640/1600 (36.1s elapsed, 17.7 pairs/s)
    [3/9] sigma pair 800/1600 (45.2s elapsed, 17.7 pairs/s)
    [3/9] sigma pair 960/1600 (54.3s elapsed, 17.7 pairs/s)
    [3/9] sigma pair 1120/1600 (63.5s elapsed, 17.6 pairs/s)
    [3/9] sigma pair 1280/1600 (72.7s elapsed, 17.6 pairs/s)
    [3/9] sigma pair 1440/1600 (81.9s elapsed, 17.6 pairs/s)
    [3/9] sigma pair 1600/1600 (91.2s elapsed, 17.6 pairs/s)
[3/9] env_odom_noise=0.045714285714285714 -> min_sv=0.01 min_on=0.01 (run elapsed: 277.8s)
[4/9] env_odom_noise=0.05142857142857143 -- starting 1600 sigma pairs...
    [4/9] sigma pair 160/1600 (9.0s elapsed, 17.8 pairs/s)
    [4/9] sigma pair 320/1600 (18.0s elapsed, 17.8 pairs/s)
    [4/9] sigma pair 480/1600 (27.0s elapsed, 17.8 pairs/s)
    [4/9] sigma pair 640/1600 (36.1s elapsed, 17.7 pairs/s)
    [4/9] sigma pair 800/1600 (45.2s elapsed, 17.7 pairs/s)
    [4/9] sigma pair 960/1600 (54.3s elapsed, 17.7 pairs/s)
    [4/9] sigma pair 1120/1600 (63.5s elapsed, 17.7 pairs/s)
    [4/9] sigma pair 1280/1600 (72.6s elapsed, 17.6 pairs/s)
    [4/9] sigma pair 1440/1600 (81.8s elapsed, 17.6 pairs/s)
    [4/9] sigma pair 1600/1600 (91.1s elapsed, 17.6 pairs/s)
[4/9] env_odom_noise=0.05142857142857143 -> min_sv=0.01 min_on=0.01 (run elapsed: 368.9s)
[5/9] env_odom_noise=0.05714285714285715 -- starting 1600 sigma pairs...
    [5/9] sigma pair 160/1600 (9.0s elapsed, 17.7 pairs/s)
    [5/9] sigma pair 320/1600 (18.1s elapsed, 17.7 pairs/s)
    [5/9] sigma pair 480/1600 (27.1s elapsed, 17.7 pairs/s)
    [5/9] sigma pair 640/1600 (36.2s elapsed, 17.7 pairs/s)
    [5/9] sigma pair 800/1600 (45.3s elapsed, 17.7 pairs/s)
    [5/9] sigma pair 960/1600 (54.4s elapsed, 17.6 pairs/s)
    [5/9] sigma pair 1120/1600 (63.6s elapsed, 17.6 pairs/s)
    [5/9] sigma pair 1280/1600 (72.8s elapsed, 17.6 pairs/s)
    [5/9] sigma pair 1440/1600 (82.0s elapsed, 17.6 pairs/s)
    [5/9] sigma pair 1600/1600 (91.2s elapsed, 17.5 pairs/s)
[5/9] env_odom_noise=0.05714285714285715 -> min_sv=0.01 min_on=0.01 (run elapsed: 460.1s)
[6/9] env_odom_noise=0.06285714285714286 -- starting 1600 sigma pairs...
    [6/9] sigma pair 160/1600 (9.0s elapsed, 17.7 pairs/s)
    [6/9] sigma pair 320/1600 (18.1s elapsed, 17.7 pairs/s)
    [6/9] sigma pair 480/1600 (27.1s elapsed, 17.7 pairs/s)
    [6/9] sigma pair 640/1600 (36.2s elapsed, 17.7 pairs/s)
    [6/9] sigma pair 800/1600 (45.3s elapsed, 17.7 pairs/s)
    [6/9] sigma pair 960/1600 (54.5s elapsed, 17.6 pairs/s)
    [6/9] sigma pair 1120/1600 (63.6s elapsed, 17.6 pairs/s)
    [6/9] sigma pair 1280/1600 (72.8s elapsed, 17.6 pairs/s)
    [6/9] sigma pair 1440/1600 (82.0s elapsed, 17.6 pairs/s)
    [6/9] sigma pair 1600/1600 (91.3s elapsed, 17.5 pairs/s)
[6/9] env_odom_noise=0.06285714285714286 -> min_sv=0.01 min_on=0.01 (run elapsed: 551.4s)
[7/9] env_odom_noise=0.06857142857142857 -- starting 1600 sigma pairs...
    [7/9] sigma pair 160/1600 (9.0s elapsed, 17.7 pairs/s)
    [7/9] sigma pair 320/1600 (18.1s elapsed, 17.7 pairs/s)
    [7/9] sigma pair 480/1600 (27.1s elapsed, 17.7 pairs/s)
    [7/9] sigma pair 640/1600 (36.2s elapsed, 17.7 pairs/s)
    [7/9] sigma pair 800/1600 (45.3s elapsed, 17.7 pairs/s)
    [7/9] sigma pair 960/1600 (54.4s elapsed, 17.6 pairs/s)
    [7/9] sigma pair 1120/1600 (63.6s elapsed, 17.6 pairs/s)
    [7/9] sigma pair 1280/1600 (72.8s elapsed, 17.6 pairs/s)
    [7/9] sigma pair 1440/1600 (82.0s elapsed, 17.6 pairs/s)
    [7/9] sigma pair 1600/1600 (91.3s elapsed, 17.5 pairs/s)
[7/9] env_odom_noise=0.06857142857142857 -> min_sv=0.01 min_on=0.01 (run elapsed: 642.7s)
[8/9] env_odom_noise=0.07428571428571429 -- starting 1600 sigma pairs...
    [8/9] sigma pair 160/1600 (9.0s elapsed, 17.8 pairs/s)
    [8/9] sigma pair 320/1600 (18.0s elapsed, 17.7 pairs/s)
    [8/9] sigma pair 480/1600 (27.1s elapsed, 17.7 pairs/s)
    [8/9] sigma pair 640/1600 (36.2s elapsed, 17.7 pairs/s)
    [8/9] sigma pair 800/1600 (45.3s elapsed, 17.7 pairs/s)
    [8/9] sigma pair 960/1600 (54.4s elapsed, 17.6 pairs/s)
    [8/9] sigma pair 1120/1600 (63.6s elapsed, 17.6 pairs/s)
    [8/9] sigma pair 1280/1600 (72.7s elapsed, 17.6 pairs/s)
    [8/9] sigma pair 1440/1600 (82.0s elapsed, 17.6 pairs/s)
    [8/9] sigma pair 1600/1600 (91.2s elapsed, 17.5 pairs/s)
[8/9] env_odom_noise=0.07428571428571429 -> min_sv=0.01 min_on=0.01 (run elapsed: 734.0s)
[9/9] env_odom_noise=0.08 -- starting 1600 sigma pairs...
    [9/9] sigma pair 160/1600 (9.0s elapsed, 17.7 pairs/s)
    [9/9] sigma pair 320/1600 (18.1s elapsed, 17.7 pairs/s)
    [9/9] sigma pair 480/1600 (27.1s elapsed, 17.7 pairs/s)
    [9/9] sigma pair 640/1600 (36.2s elapsed, 17.7 pairs/s)
    [9/9] sigma pair 800/1600 (45.3s elapsed, 17.7 pairs/s)
    [9/9] sigma pair 960/1600 (54.5s elapsed, 17.6 pairs/s)
    [9/9] sigma pair 1120/1600 (63.6s elapsed, 17.6 pairs/s)
    [9/9] sigma pair 1280/1600 (72.8s elapsed, 17.6 pairs/s)
    [9/9] sigma pair 1440/1600 (82.0s elapsed, 17.6 pairs/s)
    [9/9] sigma pair 1600/1600 (91.3s elapsed, 17.5 pairs/s)
[9/9] env_odom_noise=0.08 -> min_sv=0.01 min_on=0.01 (run elapsed: 825.3s)

wrote 14400 detail rows to belief_exp/results/15_fine_boundary_details.csv
wrote 9 summary rows to belief_exp/results/15_fine_boundary_summary.csv
total wall time: 825.3s

       sweep_param        sweep_value  min_sigma_visible     min_odom_noise       found_viable
----------------------------------------------------------------------------------------------
          baseline               None               0.01               0.01               True
    env_odom_noise               0.04               0.01               0.01               True
    env_odom_noise            0.04571               0.01               0.01               True
    env_odom_noise            0.05143               0.01               0.01               True
    env_odom_noise            0.05714               0.01               0.01               True
    env_odom_noise            0.06286               0.01               0.01               True
    env_odom_noise            0.06857               0.01               0.01               True
    env_odom_noise            0.07429               0.01               0.01               True
    env_odom_noise               0.08               0.01               0.01               True
