evaluating 6 config-point(s), 12x12 sigma pairs each (4320 episodes per config-point)
[1/6] baseline=None -- starting 144 sigma pairs...
    [1/6] sigma pair 14/144 (0.7s elapsed, 20.0 pairs/s)
    [1/6] sigma pair 28/144 (1.4s elapsed, 20.1 pairs/s)
    [1/6] sigma pair 42/144 (2.1s elapsed, 20.1 pairs/s)
    [1/6] sigma pair 56/144 (2.8s elapsed, 20.1 pairs/s)
    [1/6] sigma pair 70/144 (3.5s elapsed, 20.0 pairs/s)
    [1/6] sigma pair 84/144 (4.2s elapsed, 19.9 pairs/s)
    [1/6] sigma pair 98/144 (4.9s elapsed, 19.8 pairs/s)
    [1/6] sigma pair 112/144 (5.7s elapsed, 19.7 pairs/s)
    [1/6] sigma pair 126/144 (6.5s elapsed, 19.5 pairs/s)
    [1/6] sigma pair 140/144 (7.3s elapsed, 19.1 pairs/s)
    [1/6] sigma pair 144/144 (7.6s elapsed, 19.0 pairs/s)
[1/6] baseline=None -> min_sv=0.01041 min_on=0.0001 (run elapsed: 7.6s)
[2/6] env_odom_noise=0.0 -- starting 144 sigma pairs...
    [2/6] sigma pair 14/144 (0.7s elapsed, 20.3 pairs/s)
    [2/6] sigma pair 28/144 (1.4s elapsed, 20.2 pairs/s)
    [2/6] sigma pair 42/144 (2.1s elapsed, 20.2 pairs/s)
    [2/6] sigma pair 56/144 (2.8s elapsed, 20.2 pairs/s)
    [2/6] sigma pair 70/144 (3.5s elapsed, 20.1 pairs/s)
    [2/6] sigma pair 84/144 (4.2s elapsed, 19.9 pairs/s)
    [2/6] sigma pair 98/144 (4.9s elapsed, 19.9 pairs/s)
    [2/6] sigma pair 112/144 (5.7s elapsed, 19.7 pairs/s)
    [2/6] sigma pair 126/144 (6.5s elapsed, 19.5 pairs/s)
    [2/6] sigma pair 140/144 (7.3s elapsed, 19.2 pairs/s)
    [2/6] sigma pair 144/144 (7.6s elapsed, 19.0 pairs/s)
[2/6] env_odom_noise=0.0 -> min_sv=0.01041 min_on=0.0001 (run elapsed: 15.1s)
[3/6] env_odom_noise=0.0375 -- starting 144 sigma pairs...
    [3/6] sigma pair 14/144 (0.7s elapsed, 20.3 pairs/s)
    [3/6] sigma pair 28/144 (1.4s elapsed, 20.3 pairs/s)
    [3/6] sigma pair 42/144 (2.1s elapsed, 20.3 pairs/s)
    [3/6] sigma pair 56/144 (2.8s elapsed, 20.2 pairs/s)
    [3/6] sigma pair 70/144 (3.5s elapsed, 20.1 pairs/s)
    [3/6] sigma pair 84/144 (4.2s elapsed, 20.0 pairs/s)
    [3/6] sigma pair 98/144 (4.9s elapsed, 19.9 pairs/s)
    [3/6] sigma pair 112/144 (5.7s elapsed, 19.8 pairs/s)
    [3/6] sigma pair 126/144 (6.4s elapsed, 19.6 pairs/s)
    [3/6] sigma pair 140/144 (7.3s elapsed, 19.2 pairs/s)
    [3/6] sigma pair 144/144 (7.5s elapsed, 19.1 pairs/s)
[3/6] env_odom_noise=0.0375 -> min_sv=0.01041 min_on=0.0001 (run elapsed: 22.7s)
[4/6] env_odom_noise=0.075 -- starting 144 sigma pairs...
    [4/6] sigma pair 14/144 (0.7s elapsed, 20.2 pairs/s)
    [4/6] sigma pair 28/144 (1.4s elapsed, 20.2 pairs/s)
    [4/6] sigma pair 42/144 (2.1s elapsed, 20.2 pairs/s)
    [4/6] sigma pair 56/144 (2.8s elapsed, 20.1 pairs/s)
    [4/6] sigma pair 70/144 (3.5s elapsed, 20.1 pairs/s)
    [4/6] sigma pair 84/144 (4.2s elapsed, 19.9 pairs/s)
    [4/6] sigma pair 98/144 (4.9s elapsed, 19.9 pairs/s)
    [4/6] sigma pair 112/144 (5.7s elapsed, 19.7 pairs/s)
    [4/6] sigma pair 126/144 (6.5s elapsed, 19.5 pairs/s)
    [4/6] sigma pair 140/144 (7.3s elapsed, 19.2 pairs/s)
    [4/6] sigma pair 144/144 (7.6s elapsed, 19.0 pairs/s)
[4/6] env_odom_noise=0.075 -> min_sv=0.02259 min_on=0.0001 (run elapsed: 30.2s)
[5/6] env_odom_noise=0.11249999999999999 -- starting 144 sigma pairs...
    [5/6] sigma pair 14/144 (0.7s elapsed, 20.1 pairs/s)
    [5/6] sigma pair 28/144 (1.4s elapsed, 20.1 pairs/s)
    [5/6] sigma pair 42/144 (2.1s elapsed, 20.1 pairs/s)
    [5/6] sigma pair 56/144 (2.8s elapsed, 20.1 pairs/s)
    [5/6] sigma pair 70/144 (3.5s elapsed, 20.0 pairs/s)
    [5/6] sigma pair 84/144 (4.2s elapsed, 19.9 pairs/s)
    [5/6] sigma pair 98/144 (4.9s elapsed, 19.8 pairs/s)
    [5/6] sigma pair 112/144 (5.7s elapsed, 19.7 pairs/s)
    [5/6] sigma pair 126/144 (6.5s elapsed, 19.5 pairs/s)
    [5/6] sigma pair 140/144 (7.3s elapsed, 19.1 pairs/s)
    [5/6] sigma pair 144/144 (7.6s elapsed, 19.0 pairs/s)
[5/6] env_odom_noise=0.11249999999999999 -> min_sv=0.02259 min_on=0.0001 (run elapsed: 37.8s)
[6/6] env_odom_noise=0.15 -- starting 144 sigma pairs...
    [6/6] sigma pair 14/144 (0.7s elapsed, 19.9 pairs/s)
    [6/6] sigma pair 28/144 (1.4s elapsed, 19.9 pairs/s)
    [6/6] sigma pair 42/144 (2.1s elapsed, 19.9 pairs/s)
    [6/6] sigma pair 56/144 (2.8s elapsed, 19.9 pairs/s)
    [6/6] sigma pair 70/144 (3.5s elapsed, 19.8 pairs/s)
    [6/6] sigma pair 84/144 (4.3s elapsed, 19.7 pairs/s)
    [6/6] sigma pair 98/144 (5.0s elapsed, 19.6 pairs/s)
    [6/6] sigma pair 112/144 (5.7s elapsed, 19.5 pairs/s)
    [6/6] sigma pair 126/144 (6.5s elapsed, 19.3 pairs/s)
    [6/6] sigma pair 140/144 (7.4s elapsed, 19.0 pairs/s)
    [6/6] sigma pair 144/144 (7.6s elapsed, 18.8 pairs/s)
[6/6] env_odom_noise=0.15 -> min_sv=0.049 min_on=0.0001 (run elapsed: 45.5s)

wrote 864 detail rows to belief_exp/results/19_relaxed_details.csv
wrote 6 summary rows to belief_exp/results/19_relaxed_summary.csv
total wall time: 45.5s

       sweep_param        sweep_value  min_sigma_visible     min_odom_noise       found_viable
----------------------------------------------------------------------------------------------
          baseline               None            0.01041             0.0001               True
    env_odom_noise                  0            0.01041             0.0001               True
    env_odom_noise             0.0375            0.01041             0.0001               True
    env_odom_noise              0.075            0.02259             0.0001               True
    env_odom_noise             0.1125            0.02259             0.0001               True
    env_odom_noise               0.15              0.049             0.0001               True
