usage: sigma_min_sweep.py [-h] [--sigma-visible-grid MIN MAX N]
                          [--odom-noise-grid MIN MAX N]
                          [--episodes-per-config EPISODES_PER_CONFIG]
                          [--max-steps MAX_STEPS] [--seed SEED]
                          [--coverage-dev-tol COVERAGE_DEV_TOL]
                          [--min-advance-rate MIN_ADVANCE_RATE]
                          [--max-false-advance-rate MAX_FALSE_ADVANCE_RATE]
                          [--other-grid-n OTHER_GRID_N] [--params PARAMS]
                          [--out-details OUT_DETAILS]
                          [--out-summary OUT_SUMMARY]
                          [--decay-factor-range DECAY_FACTOR_RANGE DECAY_FACTOR_RANGE]
                          [--large-uncertainty-range LARGE_UNCERTAINTY_RANGE LARGE_UNCERTAINTY_RANGE]
                          [--success-radius-range SUCCESS_RADIUS_RANGE SUCCESS_RADIUS_RANGE]
                          [--env-obs-noise-range ENV_OBS_NOISE_RANGE ENV_OBS_NOISE_RANGE]
                          [--env-odom-noise-range ENV_ODOM_NOISE_RANGE ENV_ODOM_NOISE_RANGE]
                          [--p-visible-range P_VISIBLE_RANGE P_VISIBLE_RANGE]
                          [--mean-streak-len-range MEAN_STREAK_LEN_RANGE MEAN_STREAK_LEN_RANGE]
                          [--bearing0-deg-range BEARING0_DEG_RANGE BEARING0_DEG_RANGE]
                          [--range0-range RANGE0_RANGE RANGE0_RANGE]
                          [--dt-range DT_RANGE DT_RANGE]
sigma_min_sweep.py: error: unknown --params entries: ['gate_threshold']; choices are ['bearing0_deg', 'decay_factor', 'dt', 'env_obs_noise', 'env_odom_noise', 'large_uncertainty', 'mean_streak_len', 'occlusion_mode', 'p_visible', 'range0', 'success_radius']
